// Jest Snapshot v1, https://goo.gl/fbAQLP

exports[`Storyshots Header Default 1`] = `
<section
  class="storybook-snapshot-container"
>
  <header>
    <div
      class="box invert"
      style="--padding: 1.5rem; --border-thin: 0; --color-light: #eee; --color-dark: #000;"
    >
      <div
        class="switcher"
        style="--threshold: 60ch; --space: 1.5rem;"
      >
        <div>
          <div>
            Content Division Element
          </div>
           
          <div>
            Content Division Element
          </div>
           
          <div>
            Content Division Element
          </div>
        </div>
      </div>
    </div>
  </header>
</section>
`;

exports[`Storyshots Task Archived 1`] = `
<section
  class="storybook-snapshot-container"
>
  <div
    class="list-item"
  >
    <input
      readonly=""
      type="text"
    />
  </div>
</section>
`;

exports[`Storyshots Task Default 1`] = `
<section
  class="storybook-snapshot-container"
>
  <div
    class="list-item"
  >
    <input
      readonly=""
      type="text"
    />
  </div>
</section>
`;

exports[`Storyshots Task Pinned 1`] = `
<section
  class="storybook-snapshot-container"
>
  <div
    class="list-item"
  >
    <input
      readonly=""
      type="text"
    />
  </div>
</section>
`;
